// Jest Snapshot v1, https://goo.gl/fbAQLP

exports[`Pruebas con <App/> debe mostrarse correctamente 1`] = `
<h1>
  Hook App
</h1>
`;
