// Jest Snapshot v1, https://goo.gl/fbAQLP

exports[`Pruebas con <HomeScreen /> debe de mostrarse correctamente 1`] = `
<div>
  <h2>
    HomeScreen
  </h2>
  <hr />
  <pre>
    {
    "name": "will",
    "email": "will@will.com"
}
  </pre>
</div>
`;
