// Jest Snapshot v1, https://goo.gl/fbAQLP

exports[`Pruebas en <LoginScreen /> debe de mostrarse correctamente 1`] = `
<div>
  <h2>
    LoginScreen
  </h2>
  <hr />
  <button
    className="btn btn-secondary"
    onClick={[Function]}
  >
    Login
  </button>
</div>
`;
