// Jest Snapshot v1, https://goo.gl/fbAQLP

exports[`Pruebas en <Task/> debe de mostrarse correctamente 1`] = `
<li
  className="list-group-item"
>
  <p
    className=""
    onClick={[Function]}
  >
    1
    . 
    Aprender React
  </p>
  <button
    className="btn btn-danger"
    onClick={[Function]}
  >
    Del
  </button>
</li>
`;
