// Jest Snapshot v1, https://goo.gl/fbAQLP

exports[`Pruebas con <TaskList /> debe de mostrarse correctamente 1`] = `
<Fragment>
  <ul
    className="list-group list-group-flush"
  >
    <Task
      complete={[MockFunction]}
      handleDelete={[MockFunction]}
      i={0}
      key="1"
      task={
        Object {
          "done": false,
          "id": 1,
          "task": "Aprender React",
        }
      }
    />
    <Task
      complete={[MockFunction]}
      handleDelete={[MockFunction]}
      i={1}
      key="2"
      task={
        Object {
          "done": false,
          "id": 2,
          "task": "Aprender Node",
        }
      }
    />
  </ul>
</Fragment>
`;
